[uiworkhtml.web.app/order.html]
[backblue.gif]
[fade.gif]
[index.html]
[uiworkhtml.web.app/assets/cssn/bootstrap.css]
[uiworkhtml.web.app/assets/cssn/f-icons.css]
[uiworkhtml.web.app/assets/cssn/main.css]
[uiworkhtml.web.app/assets/cssn/flexslider/flexslider.css]
[pro.fontawesome.com/releases/v5.10.0/css/all.css]
[uiworkhtml.web.app/assets/cssn/order.css]
[cdnjs.cloudflare.com/ajax/libs/twitter-bootstrap/3.3.7/css/bootstrap.min.css]
[cdnjs.cloudflare.com/ajax/libs/bootstrap-select/1.12.4/css/bootstrap-select.min.css]
[cdnjs.cloudflare.com/ajax/libs/intl-tel-input/17.0.8/css/intlTelInput.css]
[cdnjs.cloudflare.com/ajax/libs/intl-tel-input/17.0.8/js/intlTelInput.min.js]
[www.freepnglogos.com/uploads/visa-card-logo-9.png]
[uiworkhtml.web.app/assets/images/reviews.png]
[uiworkhtml.web.app/assets/images/lgos.png]
[uiworkhtml.web.app/assets/js/bootstrap.bundle.min.js]
[uiworkhtml.web.app/assets/js/jquery.min.js]
[uiworkhtml.web.app/assets/js/flexslider/flexslider-min.js]
[cdn.jsdelivr.net/npm/@fancyapps/ui@4.0/dist/fancybox.umd.js]
[cdnjs.cloudflare.com/ajax/libs/twitter-bootstrap/3.3.7/js/bootstrap.min.js]
[cdnjs.cloudflare.com/ajax/libs/bootstrap-select/1.12.4/js/bootstrap-select.min.js]
[uiworkhtml.web.app/order.html]
[uiworkhtml.web.app/assets/cssn/bootstrap.css]
[cdn.jsdelivr.net/gh/mojoaxel/bootstrap-select-country/dist/js/bootstrap-select-country.min.js]
[uiworkhtml.web.app/index.html]
[uiworkhtml.web.app/assets/fontello/font/dwtltdv4-icons2688.eot]
[uiworkhtml.web.app/assets/fontello/font/dwtltdv4-icons2688.woff2]
[uiworkhtml.web.app/assets/fontello/font/dwtltdv4-icons2688.woff]
[uiworkhtml.web.app/assets/fontello/font/dwtltdv4-icons2688.ttf]
[uiworkhtml.web.app/assets/cssn/f-icons.css]
[uiworkhtml.web.app/assets/fontello/font/dwtltdv4-icons2688.svg]
[dreamworldtravel.co.uk/assets/img/footer-sprite.png]
[uiworkhtml.web.app/assets/images/banners.jpg]
[uiworkhtml.web.app/assets/images/brslft.png]
[uiworkhtml.web.app/assets/images/brs.png]
[uiworkhtml.web.app/assets/images/boxes.png]
[uiworkhtml.web.app/assets/cssn/main.css]
[uiworkhtml.web.app/assets/images/pic_seaweed.png]
[uiworkhtml.web.app/assets/cssn/flexslider/fonts/flexslider-icon.eot]
[uiworkhtml.web.app/assets/cssn/flexslider/fonts/flexslider-icond41d.eot]
[uiworkhtml.web.app/assets/cssn/flexslider/fonts/flexslider-icon.woff]
[uiworkhtml.web.app/assets/cssn/flexslider/fonts/flexslider-icon.ttf]
[uiworkhtml.web.app/assets/cssn/flexslider/fonts/flexslider-icon.svg]
[uiworkhtml.web.app/assets/cssn/flexslider/flexslider.css]
[pro.fontawesome.com/releases/v5.10.0/css/all.css]
[uiworkhtml.web.app/assets/cssn/order.css]
[cdnjs.cloudflare.com/ajax/libs/twitter-bootstrap/3.3.7/css/bootstrap.min.css]
[cdnjs.cloudflare.com/ajax/libs/bootstrap-select/1.12.4/css/bootstrap-select.min.css]
[cdnjs.cloudflare.com/ajax/libs/intl-tel-input/17.0.8/img/flags.png]
[cdnjs.cloudflare.com/ajax/libs/intl-tel-input/17.0.8/css/intlTelInput.css]
[cdnjs.cloudflare.com/ajax/libs/intl-tel-input/17.0.8/img/flags@2x.png]
[uiworkhtml.web.app/assets/cssn/modal.css]
[uiworkhtml.web.app/assets/images/client.png]
[uiworkhtml.web.app/assets/images/clients.png]
[uiworkhtml.web.app/assets/images/like.png]
[uiworkhtml.web.app/assets/images/handfee.png]
[uiworkhtml.web.app/assets/images/reports.png]
[uiworkhtml.web.app/assets/images/assis.png]
[uiworkhtml.web.app/index.html]
[uiworkhtml.web.app/assets/fontello/font/dwtltdv4-icons2688.svg]
[uiworkhtml.web.app/assets/cssn/flexslider/fonts/flexslider-icon.svg]
[uiworkhtml.web.app/assets/cssn/modal.css]
[uiworkhtml.web.app/assets/images/orders.png]
